// Jest Snapshot v1, https://goo.gl/fbAQLP

exports[`view-port.vue should render correct way 1`] = `
VueWrapper {
  "_emitted": Object {},
  "_emittedByOrder": Array [],
  "isFunctionalComponent": undefined,
  "version": 2.5,
}
`;
